
Loading this modulefile 'R/4.5.1' is just informational


           R version 4.5.1 (2025-06-13) -- 'Great Square Root'
           Copyright (C) 2025 The R Foundation for Statistical Computing
           Platform: x86_64-redhat-linux-gnu

           is in all user's path by default
           and availble for use.


This is lavaan 0.6-19
lavaan is FREE software! Please report any bugs.
There were 50 or more warnings (use warnings() to see the first 50)
There were 50 or more warnings (use warnings() to see the first 50)
There were 50 or more warnings (use warnings() to see the first 50)
There were 50 or more warnings (use warnings() to see the first 50)
There were 50 or more warnings (use warnings() to see the first 50)
There were 50 or more warnings (use warnings() to see the first 50)
There were 18 warnings (use warnings() to see them)
There were 19 warnings (use warnings() to see them)
There were 50 or more warnings (use warnings() to see the first 50)
There were 50 or more warnings (use warnings() to see the first 50)
There were 50 or more warnings (use warnings() to see the first 50)
There were 35 warnings (use warnings() to see them)
There were 19 warnings (use warnings() to see them)
There were 12 warnings (use warnings() to see them)
Warning messages:
1: lavaan->lav_object_post_check():  
   covariance matrix of latent variables is not positive definite ; use 
   lavInspect(fit, "cov.lv") to investigate. 
2: lavaan->lav_object_post_check():  
   covariance matrix of latent variables is not positive definite ; use 
   lavInspect(fit, "cov.lv") to investigate. 
3: lavaan->lav_object_post_check():  
   covariance matrix of latent variables is not positive definite ; use 
   lavInspect(fit, "cov.lv") to investigate. 
Warning messages:
1: lavaan->lav_object_post_check():  
   covariance matrix of latent variables is not positive definite ; use 
   lavInspect(fit, "cov.lv") to investigate. 
2: lavaan->lav_object_post_check():  
   covariance matrix of latent variables is not positive definite ; use 
   lavInspect(fit, "cov.lv") to investigate. 
3: lavaan->lav_object_post_check():  
   covariance matrix of latent variables is not positive definite ; use 
   lavInspect(fit, "cov.lv") to investigate. 
